GSTQ
GSTU
GSTE
GSTE
GSTN
GSHQ
GSHU
GSHE
GSHE
GSHN
GSEQ
GSEU
GSEE
GSEE
GSEN
GATQ
GATU
GATE
GATE
GATN
GAHQ
GAHU
GAHE
GAHE
GAHN
GAEQ
GAEU
GAEE
GAEE
GAEN
GVTQ
GVTU
GVTE
GVTE
GVTN
GVHQ
GVHU
GVHE
GVHE
GVHN
GVEQ
GVEU
GVEE
GVEE
GVEN
GETQ
GETU
GETE
GETE
GETN
GEHQ
GEHU
GEHE
GEHE
GEHN
GEEQ
GEEU
GEEE
GEEE
GEEN
OSTQ
OSTU
OSTE
OSTE
OSTN
OSHQ
OSHU
OSHE
OSHE
OSHN
OSEQ
OSEU
OSEE
OSEE
OSEN
OATQ
OATU
OATE
OATE
OATN
OAHQ
OAHU
OAHE
OAHE
OAHN
OAEQ
OAEU
OAEE
OAEE
OAEN
OVTQ
OVTU
OVTE
OVTE
OVTN
OVHQ
OVHU
OVHE
OVHE
OVHN
OVEQ
OVEU
OVEE
OVEE
OVEN
OETQ
OETU
OETE
OETE
OETN
OEHQ
OEHU
OEHE
OEHE
OEHN
OEEQ
OEEU
OEEE
OEEE
OEEN
DSTQ
DSTU
DSTE
DSTE
DSTN
DSHQ
DSHU
DSHE
DSHE
DSHN
DSEQ
DSEU
DSEE
DSEE
DSEN
DATQ
DATU
DATE
DATE
DATN
DAHQ
DAHU
DAHE
DAHE
DAHN
DAEQ
DAEU
DAEE
DAEE
DAEN
DVTQ
DVTU
DVTE
DVTE
DVTN
DVHQ
DVHU
DVHE
DVHE
DVHN
DVEQ
DVEU
DVEE
DVEE
DVEN
DETQ
DETU
DETE
DETE
DETN
DEHQ
DEHU
DEHE
DEHE
DEHN
DEEQ
DEEU
DEEE
DEEE
DEEN
