84
868
84
101
225
115
116
117
868
[84, 101, 225, 115, 116, 117, 868]
117
length in codepoints = 7, length in bytes = 9, length in graphemes = 6
15
toLower T = t teástuͤ
toUpper å = Å TEÁSTUͤ
toTitle å = Å TEÁSTUͤ
capitalize  Å Teástuͤ Aßdƒ
compare -1 0 1 -1 0 1
replace TeástT
Teástuͤ startsWith T: true, endsWith uͤ: true
Teástuͤ startsWith uͤ: false, endsWith T: false
Code point 123 is valid Unicode Scalar: true
Surrogate code point 55296 is valid Unicode Scalar: false
Code point 1114112 is valid Unicode Scalar: false
